// Jest Snapshot v1, https://goo.gl/fbAQLP

exports[`Given a Steps component when it is rendered should match the snapshot 1`] = `
<div
  className="steps"
>
  <Unknown
    isActive={true}
    isFirst={true}
    onClick={[Function]}
    step={1}
    title="Step 1"
  />
  <Unknown
    isActive={false}
    isFirst={false}
    onClick={[Function]}
    step={2}
    title="Step 2"
  />
</div>
`;
